// Jest Snapshot v1, https://goo.gl/fbAQLP

exports[`ForgotPasswordForm should render the form 1`] = `
<ForgotPasswordForm
  account={
    Object {
      "errors": Array [],
    }
  }
  dispatch={[MockFunction]}
>
  <div
    className="o-form"
  >
    <div
      className="c-password"
    >
      <h1
        className="c-password__title"
      >
        Forgot Password
      </h1>
      <p
        className="c-password__caption"
      >
        Please enter your email address and submit. In doing this an email containing a special link will be mailed to you. Once received, click on this link and you will then have the opportunity to enter a new password.
      </p>
      <Formik
        enableReinitialize={false}
        initialValues={
          Object {
            "email": "",
          }
        }
        isInitialValid={false}
        render={[Function]}
        validateOnBlur={true}
        validateOnChange={true}
        validationSchema={
          ObjectSchema {
            "_blacklist": RefSet {
              "list": Set {},
              "refs": Map {},
            },
            "_conditions": Array [],
            "_defaultDefault": [Function],
            "_deps": Array [],
            "_excludedEdges": Array [],
            "_exclusive": Object {},
            "_mutate": false,
            "_nodes": Array [
              "email",
            ],
            "_options": Object {
              "abortEarly": true,
              "recursive": true,
            },
            "_type": "object",
            "_typeError": [Function],
            "_whitelist": RefSet {
              "list": Set {},
              "refs": Map {},
            },
            "fields": Object {
              "email": StringSchema {
                "_blacklist": RefSet {
                  "list": Set {},
                  "refs": Map {},
                },
                "_conditions": Array [],
                "_deps": Array [],
                "_exclusive": Object {
                  "required": false,
                  "undefined": false,
                },
                "_mutate": false,
                "_options": Object {
                  "abortEarly": true,
                  "recursive": true,
                },
                "_type": "string",
                "_typeError": [Function],
                "_whitelist": RefSet {
                  "list": Set {},
                  "refs": Map {},
                },
                "tests": Array [
                  [Function],
                  [Function],
                  [Function],
                ],
                "transforms": Array [
                  [Function],
                ],
              },
            },
            "tests": Array [],
            "transforms": Array [
              [Function],
            ],
          }
        }
      >
        <Form>
          <Component
            formik={
              Object {
                "dirty": false,
                "errors": Object {},
                "handleBlur": [Function],
                "handleChange": [Function],
                "handleReset": [Function],
                "handleSubmit": [Function],
                "initialValues": Object {
                  "email": "",
                },
                "isSubmitting": false,
                "isValid": false,
                "isValidating": false,
                "registerField": [Function],
                "resetForm": [Function],
                "setError": [Function],
                "setErrors": [Function],
                "setFieldError": [Function],
                "setFieldTouched": [Function],
                "setFieldValue": [Function],
                "setFormikState": [Function],
                "setStatus": [Function],
                "setSubmitting": [Function],
                "setTouched": [Function],
                "setValues": [Function],
                "status": undefined,
                "submitCount": 0,
                "submitForm": [Function],
                "touched": Object {},
                "unregisterField": [Function],
                "validate": undefined,
                "validateField": [Function],
                "validateForm": [Function],
                "validateOnBlur": true,
                "validateOnChange": true,
                "validationSchema": ObjectSchema {
                  "_blacklist": RefSet {
                    "list": Set {},
                    "refs": Map {},
                  },
                  "_conditions": Array [],
                  "_defaultDefault": [Function],
                  "_deps": Array [],
                  "_excludedEdges": Array [],
                  "_exclusive": Object {},
                  "_mutate": false,
                  "_nodes": Array [
                    "email",
                  ],
                  "_options": Object {
                    "abortEarly": true,
                    "recursive": true,
                  },
                  "_type": "object",
                  "_typeError": [Function],
                  "_whitelist": RefSet {
                    "list": Set {},
                    "refs": Map {},
                  },
                  "fields": Object {
                    "email": StringSchema {
                      "_blacklist": RefSet {
                        "list": Set {},
                        "refs": Map {},
                      },
                      "_conditions": Array [],
                      "_deps": Array [],
                      "_exclusive": Object {
                        "required": false,
                        "undefined": false,
                      },
                      "_mutate": false,
                      "_options": Object {
                        "abortEarly": true,
                        "recursive": true,
                      },
                      "_type": "string",
                      "_typeError": [Function],
                      "_whitelist": RefSet {
                        "list": Set {},
                        "refs": Map {},
                      },
                      "tests": Array [
                        [Function],
                        [Function],
                        [Function],
                      ],
                      "transforms": Array [
                        [Function],
                      ],
                    },
                  },
                  "tests": Array [],
                  "transforms": Array [
                    [Function],
                  ],
                },
                "values": Object {
                  "email": "",
                },
              }
            }
          >
            <form
              onReset={[Function]}
              onSubmit={[Function]}
            >
              <FormikConnect(FieldInner)
                className="o-form__input-field o-form__input-block"
                name="email"
                placeholder="Email"
                type="email"
              >
                <FieldInner
                  className="o-form__input-field o-form__input-block"
                  formik={
                    Object {
                      "dirty": false,
                      "errors": Object {},
                      "handleBlur": [Function],
                      "handleChange": [Function],
                      "handleReset": [Function],
                      "handleSubmit": [Function],
                      "initialValues": Object {
                        "email": "",
                      },
                      "isSubmitting": false,
                      "isValid": false,
                      "isValidating": false,
                      "registerField": [Function],
                      "resetForm": [Function],
                      "setError": [Function],
                      "setErrors": [Function],
                      "setFieldError": [Function],
                      "setFieldTouched": [Function],
                      "setFieldValue": [Function],
                      "setFormikState": [Function],
                      "setStatus": [Function],
                      "setSubmitting": [Function],
                      "setTouched": [Function],
                      "setValues": [Function],
                      "status": undefined,
                      "submitCount": 0,
                      "submitForm": [Function],
                      "touched": Object {},
                      "unregisterField": [Function],
                      "validate": undefined,
                      "validateField": [Function],
                      "validateForm": [Function],
                      "validateOnBlur": true,
                      "validateOnChange": true,
                      "validationSchema": ObjectSchema {
                        "_blacklist": RefSet {
                          "list": Set {},
                          "refs": Map {},
                        },
                        "_conditions": Array [],
                        "_defaultDefault": [Function],
                        "_deps": Array [],
                        "_excludedEdges": Array [],
                        "_exclusive": Object {},
                        "_mutate": false,
                        "_nodes": Array [
                          "email",
                        ],
                        "_options": Object {
                          "abortEarly": true,
                          "recursive": true,
                        },
                        "_type": "object",
                        "_typeError": [Function],
                        "_whitelist": RefSet {
                          "list": Set {},
                          "refs": Map {},
                        },
                        "fields": Object {
                          "email": StringSchema {
                            "_blacklist": RefSet {
                              "list": Set {},
                              "refs": Map {},
                            },
                            "_conditions": Array [],
                            "_deps": Array [],
                            "_exclusive": Object {
                              "required": false,
                              "undefined": false,
                            },
                            "_mutate": false,
                            "_options": Object {
                              "abortEarly": true,
                              "recursive": true,
                            },
                            "_type": "string",
                            "_typeError": [Function],
                            "_whitelist": RefSet {
                              "list": Set {},
                              "refs": Map {},
                            },
                            "tests": Array [
                              [Function],
                              [Function],
                              [Function],
                            ],
                            "transforms": Array [
                              [Function],
                            ],
                          },
                        },
                        "tests": Array [],
                        "transforms": Array [
                          [Function],
                        ],
                      },
                      "values": Object {
                        "email": "",
                      },
                    }
                  }
                  name="email"
                  placeholder="Email"
                  type="email"
                >
                  <input
                    className="o-form__input-field o-form__input-block"
                    name="email"
                    onBlur={[Function]}
                    onChange={[Function]}
                    placeholder="Email"
                    type="email"
                    value=""
                  />
                </FieldInner>
              </FormikConnect(FieldInner)>
              <div
                className="o-form__input-field__error"
              >
                <FormikConnect(ErrorMessageImpl)
                  name="email"
                >
                  <ErrorMessageImpl
                    formik={
                      Object {
                        "dirty": false,
                        "errors": Object {},
                        "handleBlur": [Function],
                        "handleChange": [Function],
                        "handleReset": [Function],
                        "handleSubmit": [Function],
                        "initialValues": Object {
                          "email": "",
                        },
                        "isSubmitting": false,
                        "isValid": false,
                        "isValidating": false,
                        "registerField": [Function],
                        "resetForm": [Function],
                        "setError": [Function],
                        "setErrors": [Function],
                        "setFieldError": [Function],
                        "setFieldTouched": [Function],
                        "setFieldValue": [Function],
                        "setFormikState": [Function],
                        "setStatus": [Function],
                        "setSubmitting": [Function],
                        "setTouched": [Function],
                        "setValues": [Function],
                        "status": undefined,
                        "submitCount": 0,
                        "submitForm": [Function],
                        "touched": Object {},
                        "unregisterField": [Function],
                        "validate": undefined,
                        "validateField": [Function],
                        "validateForm": [Function],
                        "validateOnBlur": true,
                        "validateOnChange": true,
                        "validationSchema": ObjectSchema {
                          "_blacklist": RefSet {
                            "list": Set {},
                            "refs": Map {},
                          },
                          "_conditions": Array [],
                          "_defaultDefault": [Function],
                          "_deps": Array [],
                          "_excludedEdges": Array [],
                          "_exclusive": Object {},
                          "_mutate": false,
                          "_nodes": Array [
                            "email",
                          ],
                          "_options": Object {
                            "abortEarly": true,
                            "recursive": true,
                          },
                          "_type": "object",
                          "_typeError": [Function],
                          "_whitelist": RefSet {
                            "list": Set {},
                            "refs": Map {},
                          },
                          "fields": Object {
                            "email": StringSchema {
                              "_blacklist": RefSet {
                                "list": Set {},
                                "refs": Map {},
                              },
                              "_conditions": Array [],
                              "_deps": Array [],
                              "_exclusive": Object {
                                "required": false,
                                "undefined": false,
                              },
                              "_mutate": false,
                              "_options": Object {
                                "abortEarly": true,
                                "recursive": true,
                              },
                              "_type": "string",
                              "_typeError": [Function],
                              "_whitelist": RefSet {
                                "list": Set {},
                                "refs": Map {},
                              },
                              "tests": Array [
                                [Function],
                                [Function],
                                [Function],
                              ],
                              "transforms": Array [
                                [Function],
                              ],
                            },
                          },
                          "tests": Array [],
                          "transforms": Array [
                            [Function],
                          ],
                        },
                        "values": Object {
                          "email": "",
                        },
                      }
                    }
                    name="email"
                  />
                </FormikConnect(ErrorMessageImpl)>
              </div>
              <Button
                aria-label="Submit"
                className="c-password__button o-button-sml"
                disabled={true}
                label="SUBMIT"
                status="disabled"
                type="submit"
              >
                <button
                  aria-label="Submit"
                  className="c-password__button o-button-sml o-button o-button--disabled o-button--disabled"
                  disabled={true}
                  role="button"
                  tabIndex="0"
                  type="submit"
                >
                  SUBMIT
                </button>
              </Button>
            </form>
          </Component>
        </Form>
      </Formik>
    </div>
  </div>
</ForgotPasswordForm>
`;
