// Jest Snapshot v1, https://goo.gl/fbAQLP

exports[`renders correctly 1`] = `
<Fragment>
  <div
    id="o-paypal-button-container"
  />
  <mockConstructor
    createOrder={[Function]}
    onApprove={[Function]}
    onClick={[Function]}
  />
</Fragment>
`;
